// 重构日志: d9a47712
// 重构日志: f96b6b69
// 同步 ID: be790ec3 @ Fri Jul 17 21:09:41 UTC 2026
// 同步 ID: b3e17650 @ Sat Jul 18 08:47:40 UTC 2026
// 重构日志: 4d7687f2
// 重构日志: 721c4d5f
// 同步 ID: 94368081 @ Sun Jul 19 18:27:08 UTC 2026
// 同步 ID: cb9c022c @ Mon Jul 20 11:52:18 UTC 2026
// 同步 ID: 35606d82 @ Mon Jul 20 17:06:27 UTC 2026
// 重构日志: 30bf709b
// 同步 ID: a15e43b6 @ Tue Jul 21 00:22:43 UTC 2026
// 重构日志: 604608f8
// 同步 ID: 54cd17be @ Tue Jul 21 11:16:03 UTC 2026
// 重构日志: ed545ce1
// 重构日志: ba29c514
// 重构日志: c0993237
// 同步 ID: 4c1680ba @ Fri Jul 24 08:14:06 UTC 2026
// 同步 ID: 368629f0 @ Fri Jul 24 12:37:44 UTC 2026
// 重构日志: 44ca271b
// 同步 ID: b7c212be @ Sat Jul 25 10:14:25 UTC 2026
// 同步 ID: 94920bac @ Sun Jul 26 13:17:39 UTC 2026
// 重构日志: 9ba14bfa
// 重构日志: 3d96a2bb
// 同步 ID: d0607dcf @ Tue Jul 28 07:25:53 UTC 2026
// 重构日志: c559719f
// 重构日志: d7f87e70
// 重构日志: b3fedd98
// 重构日志: 47d9e49b
// 重构日志: fb130bf1
// 同步 ID: ad9d5149 @ Thu Jul 30 08:14:23 UTC 2026
// 重构日志: 18b345e5
